\BOOKMARK [0][-]{chapter.1}{\376\377\000I\000n\000t\000r\000o\000d\000u\000z\000i\000o\000n\000e\000\040\000a\000l\000l\000a\000\040\000c\000o\000m\000p\000l\000e\000s\000s\000i\000t\000\340}{}% 1
\BOOKMARK [1][-]{section.1.1}{\376\377\000C\000o\000m\000p\000l\000e\000s\000s\000i\000t\000\340\000\040\000d\000e\000l\000l\000'\000o\000r\000g\000a\000n\000i\000s\000m\000o\000\040\000u\000m\000a\000n\000o}{chapter.1}% 2
\BOOKMARK [2][-]{subsection.1.1.1}{\376\377\000F\000e\000e\000d\000b\000a\000c\000k}{section.1.1}% 3
\BOOKMARK [2][-]{subsection.1.1.2}{\376\377\000C\000o\000n\000t\000r\000o\000l\000l\000o}{section.1.1}% 4
\BOOKMARK [2][-]{subsection.1.1.3}{\376\377\000G\000e\000r\000a\000r\000c\000h\000i\000a}{section.1.1}% 5
\BOOKMARK [0][-]{chapter.2}{\376\377\000I\000n\000t\000r\000o\000d\000u\000z\000i\000o\000n\000e\000\040\000a\000l\000l\000a\000\040\000M\000o\000d\000e\000l\000l\000i\000z\000z\000a\000z\000i\000o\000n\000e}{}% 6
\BOOKMARK [1][-]{section.2.1}{\376\377\000O\000b\000i\000e\000t\000t\000i\000v\000o\000\040\000e\000\040\000C\000a\000t\000e\000g\000o\000r\000i\000e\000\040\000d\000e\000i\000\040\000M\000o\000d\000e\000l\000l\000i\000\040\000M\000a\000t\000e\000m\000a\000t\000i\000c\000i}{chapter.2}% 7
\BOOKMARK [1][-]{section.2.2}{\376\377\000A\000p\000p\000r\000o\000c\000c\000i\000\040\000a\000l\000l\000a\000\040\000M\000o\000d\000e\000l\000l\000i\000z\000z\000a\000z\000i\000o\000n\000e}{chapter.2}% 8
\BOOKMARK [2][-]{subsection.2.2.1}{\376\377\000M\000o\000d\000e\000l\000l\000o\000\040\000d\000e\000i\000\040\000d\000a\000t\000i\000\040\000\050\000D\000a\000t\000a\000-\000d\000r\000i\000v\000e\000n\000\040\000o\000\040\000B\000l\000a\000c\000k\000-\000b\000o\000x\000\051}{section.2.2}% 9
\BOOKMARK [2][-]{subsection.2.2.2}{\376\377\000M\000o\000d\000e\000l\000l\000o\000\040\000d\000e\000l\000\040\000s\000i\000s\000t\000e\000m\000a}{section.2.2}% 10
\BOOKMARK [1][-]{section.2.3}{\376\377\000L\000'\000A\000p\000p\000r\000o\000s\000s\000i\000m\000a\000z\000i\000o\000n\000e\000\040\000d\000e\000l\000l\000a\000\040\000R\000e\000a\000l\000t\000\340}{chapter.2}% 11
\BOOKMARK [1][-]{section.2.4}{\376\377\000I\000d\000e\000n\000t\000i\000f\000i\000c\000a\000z\000i\000o\000n\000e\000\040\000e\000\040\000V\000a\000l\000i\000d\000a\000z\000i\000o\000n\000e\000\040\000d\000e\000l\000\040\000M\000o\000d\000e\000l\000l\000o}{chapter.2}% 12
\BOOKMARK [2][-]{subsection.2.4.1}{\376\377\000I\000d\000e\000n\000t\000i\000f\000i\000c\000a\000z\000i\000o\000n\000e\000\040\000d\000e\000l\000\040\000m\000o\000d\000e\000l\000l\000o}{section.2.4}% 13
\BOOKMARK [2][-]{subsection.2.4.2}{\376\377\000V\000a\000l\000i\000d\000a\000z\000i\000o\000n\000e}{section.2.4}% 14
\BOOKMARK [1][-]{section.2.5}{\376\377\000S\000o\000l\000u\000z\000i\000o\000n\000e\000\040\000e\000\040\000S\000i\000m\000u\000l\000a\000z\000i\000o\000n\000e}{chapter.2}% 15
\BOOKMARK [0][-]{chapter.3}{\376\377\000I\000d\000e\000n\000t\000i\000f\000i\000c\000a\000z\000i\000o\000n\000e\000\040\000d\000e\000i\000\040\000m\000o\000d\000e\000l\000l\000i}{}% 16
\BOOKMARK [1][-]{section.3.1}{\376\377\000R\000a\000c\000c\000o\000l\000t\000a\000\040\000D\000a\000t\000i\000\040\000e\000\040\000D\000i\000s\000e\000g\000n\000o\000\040\000S\000p\000e\000r\000i\000m\000e\000n\000t\000a\000l\000e}{chapter.3}% 17
\BOOKMARK [1][-]{section.3.2}{\376\377\000S\000e\000l\000e\000z\000i\000o\000n\000e\000\040\000d\000e\000i\000\040\000S\000e\000g\000n\000a\000l\000i\000\040\000d\000i\000\040\000T\000e\000s\000t}{chapter.3}% 18
\BOOKMARK [2][-]{subsection.3.2.1}{\376\377\000S\000e\000g\000n\000a\000l\000i\000\040\000T\000r\000a\000n\000s\000i\000t\000o\000r\000i}{section.3.2}% 19
\BOOKMARK [2][-]{subsection.3.2.2}{\376\377\000S\000e\000g\000n\000a\000l\000i\000\040\000A\000r\000m\000o\000n\000i\000c\000i}{section.3.2}% 20
\BOOKMARK [2][-]{subsection.3.2.3}{\376\377\000S\000e\000g\000n\000a\000l\000i\000\040\000R\000a\000n\000d\000o\000m}{section.3.2}% 21
\BOOKMARK [1][-]{section.3.3}{\376\377\000S\000o\000r\000g\000e\000n\000t\000i\000\040\000d\000i\000\040\000E\000r\000r\000o\000r\000e}{chapter.3}% 22
\BOOKMARK [1][-]{section.3.4}{\376\377\000I\000l\000\040\000P\000r\000o\000c\000e\000s\000s\000o\000\040\000d\000i\000\040\000I\000d\000e\000n\000t\000i\000f\000i\000c\000a\000z\000i\000o\000n\000e}{chapter.3}% 23
\BOOKMARK [2][-]{subsection.3.4.1}{\376\377\000S\000t\000i\000m\000a\000\040\000d\000e\000i\000\040\000P\000a\000r\000a\000m\000e\000t\000r\000i}{section.3.4}% 24
\BOOKMARK [2][-]{subsection.3.4.2}{\376\377\000S\000t\000i\000m\000a\000\040\000d\000e\000l\000\040\000S\000e\000g\000n\000a\000l\000e}{section.3.4}% 25
\BOOKMARK [0][-]{appendix.A}{\376\377\000D\000o\000m\000a\000n\000d\000e\000\040\000d\000e\000l\000l\000e\000\040\000l\000e\000z\000i\000o\000n\000i}{}% 26
